// Vitest Snapshot v1

exports[`renders rNavLogo with props correctly 1`] = `
<div>
  <a
    class="flex items-center"
    data-testid="nav-logo"
    href="/"
  >
    <img
      alt="Logo"
      class="mr-3 h-6 sm:h-9"
      src="/favicon.ico"
    />
    <span
      class="self-center whitespace-nowrap text-xl font-semibold dark:text-white"
    >
      Logo
    </span>
  </a>
</div>
`;
