// Vitest Snapshot v1

exports[`CompleteInput 1`] = `
<div>
  <div>
    <label
      class="mb-2 block text-sm font-medium text-gray-900 dark:text-gray-300"
      for="email"
    >
      Email
    </label>
    <input
      aria-invalid="false"
      class="focus:ring-primary-500 focus:border-primary-500 dark:focus:ring-primary-500 dark:focus:border-primary-500 dark:shadow-sm-light block w-full rounded-lg border border-gray-300 bg-gray-50 p-2.5 text-sm text-gray-900 shadow-sm dark:border-gray-600 dark:bg-gray-700 dark:text-white dark:placeholder-gray-400"
      id="email"
      name="email"
      placeholder="Your email"
      required=""
      type="email"
    />
  </div>
</div>
`;
