// Vitest Snapshot v1

exports[`NavButton with props 1`] = `
<div>
  <button
    aria-controls="navbar-default"
    aria-expanded="true"
    class="ml-3 inline-flex items-center rounded-lg p-2 text-sm text-gray-500 hover:bg-gray-100 focus:outline-none focus:ring-2 focus:ring-gray-200 dark:text-gray-400 dark:hover:bg-gray-700 dark:focus:ring-gray-600 md:hidden"
    data-collapse-toggle="navbar-default"
    type="button"
  >
    <span
      class="sr-only"
    >
      Open main menu
    </span>
    <svg
      aria-hidden="true"
      class="h-6 w-6"
      fill="currentColor"
      viewBox="0 0 20 20"
      xmlns="http://www.w3.org/2000/svg"
    >
      <path
        clip-rule="evenodd"
        d="M3 5a1 1 0 011-1h12a1 1 0 110 2H4a1 1 0 01-1-1zM3 10a1 1 0 011-1h12a1 1 0 110 2H4a1 1 0 01-1-1zM3 15a1 1 0 011-1h12a1 1 0 110 2H4a1 1 0 01-1-1z"
        fill-rule="evenodd"
      />
    </svg>
  </button>
</div>
`;
