// Vitest Snapshot v1

exports[`AboutHeading 1`] = `
<div>
  <div
    class="mx-auto max-w-screen-xl py-8 px-4 text-center lg:py-16 lg:px-6 "
  >
    <h2
      class="mb-3 text-3xl font-extrabold text-gray-900 dark:text-white md:text-5xl lg:text-6xl"
      data-testid="heading-main"
    >
      <span
        class="bg-gradient-to-r from-sky-400 to-emerald-600 bg-clip-text text-transparent"
      >
        About
      </span>
       
      us
    </h2>
    <p
      class="mb-4 text-white text-xl"
      data-testid="main-content-paragraph"
    >
      We are a team of software engineers who are passionate about building scalable solutions for businesses.
    </p>
  </div>
</div>
`;
