// Vitest Snapshot v1

exports[`renders MainCardContent correctly 1`] = `
<div>
  <div
    class="relative rounded-[15px] bg-white p-6"
    style="opacity: 0; transform: translateY(50px);"
  >
    <div
      class="space-y-4"
    >
      <img
        alt="Image with particles"
        src="https://via.placeholder.com/150"
      />
      <p
        class="text-lg font-semibold text-slate-800"
      >
        title
      </p>
      <p
        class="mb-4 text-gray-900 text-md"
        data-testid="main-content-paragraph"
      >
        description
      </p>
    </div>
  </div>
</div>
`;
